This file contains any messages produced by compilers while
running configure, to aid debugging if configure makes a mistake.

It was created by crsim configure 4.0, which was
generated by GNU Autoconf 2.71.  Invocation command line was

  $ ./configure --with-netcdf=/glade/u/apps/derecho/23.09/spack/opt/spack/netcdf/4.9.2/oneapi/2023.2.1/yzvj --with-netcdf_fortran=/glade/u/apps/derecho/23.09/spack/opt/spack/netcdf/4.9.2/oneapi/2023.2.1/yzvj --with-nccmp= --disable-openmp --prefix=/glade/work/tycha/model/CR-SIM/crsim-4.0

## --------- ##
## Platform. ##
## --------- ##

hostname = derecho2
uname -m = x86_64
uname -r = 5.14.21-150400.24.18-default
uname -s = Linux
uname -v = #1 SMP PREEMPT_DYNAMIC Thu Aug 4 14:17:48 UTC 2022 (e9f7bfc)

/usr/bin/uname -p = x86_64
/bin/uname -X     = unknown

/bin/arch              = x86_64
/usr/bin/arch -k       = unknown
/usr/convex/getsysinfo = unknown
/usr/bin/hostinfo      = unknown
/bin/machine           = unknown
/usr/bin/oslevel       = unknown
/bin/universe          = unknown

PATH: /glade/u/apps/derecho/23.09/spack/opt/spack/nccmp/1.9.1.0/gcc/12.2.0/jacb/bin/
PATH: /glade/u/apps/derecho/23.09/spack/opt/spack/netcdf/4.9.2/oneapi/2023.2.1/yzvj/bin/
PATH: /glade/u/apps/derecho/23.09/spack/opt/spack/hdf5/1.12.2/oneapi/2023.2.1/4ybq/bin/
PATH: /opt/cray/pe/craype/2.7.20/bin/
PATH: /opt/cray/pe/pals/1.2.11/bin/
PATH: /opt/cray/libfabric/1.15.2.0/bin/
PATH: /opt/cray/pe/mpich/8.1.25/ofi/intel/19.0/bin/
PATH: /opt/cray/pe/mpich/8.1.25/bin/
PATH: /glade/u/apps/common/23.08/spack/opt/spack/intel-oneapi-compilers/2023.2.1/compiler/2023.2.1/linux/lib/oclfpga/bin/
PATH: /glade/u/apps/common/23.08/spack/opt/spack/intel-oneapi-compilers/2023.2.1/compiler/2023.2.1/linux/bin/intel64/
PATH: /glade/u/apps/common/23.08/spack/opt/spack/intel-oneapi-compilers/2023.2.1/compiler/2023.2.1/linux/bin/
PATH: /glade/u/apps/derecho/23.09/opt/utils/bin/
PATH: /glade/u/home/tycha/.cursor-server/cli/servers/Stable-e50823e9ded15fddfd743c7122b4724130c25df0/server/bin/remote-cli/
PATH: /glade/u/apps/opt/conda/condabin/
PATH: /opt/clmgr/sbin/
PATH: /opt/clmgr/bin/
PATH: /opt/sgi/sbin/
PATH: /opt/sgi/bin/
PATH: /glade/u/home/tycha/.local/bin/
PATH: /opt/c3/bin/
PATH: /usr/lib/mit/bin/
PATH: /usr/lib/mit/sbin/
PATH: /opt/pbs/bin/
PATH: /glade/u/apps/derecho/23.09/opt/view/bin/
PATH: /usr/local/bin/
PATH: /usr/bin/
PATH: /sbin/
PATH: /bin/
PATH: /opt/cray/pe/bin/


## ----------- ##
## Core tests. ##
## ----------- ##

configure:2514: looking for aux files: config.guess config.sub compile missing install-sh
configure:2527:  trying ./build-aux/
configure:2556:   ./build-aux/config.guess found
configure:2556:   ./build-aux/config.sub found
configure:2556:   ./build-aux/compile found
configure:2556:   ./build-aux/missing found
configure:2538:   ./build-aux/install-sh found
configure:2696: checking for a BSD-compatible install
configure:2769: result: /usr/bin/install -c
configure:2780: checking whether build environment is sane
configure:2835: result: yes
configure:2994: checking for a race-free mkdir -p
configure:3038: result: /usr/bin/mkdir -p
configure:3045: checking for gawk
configure:3066: found /usr/bin/gawk
configure:3077: result: gawk
configure:3088: checking whether make sets $(MAKE)
configure:3111: result: yes
configure:3141: checking whether make supports nested variables
configure:3159: result: yes
configure:3244: checking whether UID '38745' is supported by ustar format
configure:3247: result: yes
configure:3254: checking whether GID '1000' is supported by ustar format
configure:3257: result: yes
configure:3265: checking how to create a ustar tar archive
configure:3276: tar --version
tar (GNU tar) 1.34
Copyright (C) 2021 Free Software Foundation, Inc.
License GPLv3+: GNU GPL version 3 or later <https://gnu.org/licenses/gpl.html>.
This is free software: you are free to change and redistribute it.
There is NO WARRANTY, to the extent permitted by law.

Written by John Gilmore and Jay Fenlason.
configure:3279: $? = 0
configure:3319: tardir=conftest.dir && eval tar --format=ustar -chf - "$tardir" >conftest.tar
configure:3322: $? = 0
configure:3326: tar -xf - <conftest.tar
configure:3329: $? = 0
configure:3331: cat conftest.dir/file
GrepMe
configure:3334: $? = 0
configure:3348: result: gnutar
configure:3483: checking for gcc
configure:3515: result: /glade/u/apps/common/23.08/spack/opt/spack/intel-oneapi-compilers/2023.2.1/compiler/2023.2.1/linux/bin/icx
configure:3868: checking for C compiler version
configure:3877: /glade/u/apps/common/23.08/spack/opt/spack/intel-oneapi-compilers/2023.2.1/compiler/2023.2.1/linux/bin/icx --version >&5
Intel(R) oneAPI DPC++/C++ Compiler 2023.2.0 (2023.2.0.20230721)
Target: x86_64-unknown-linux-gnu
Thread model: posix
InstalledDir: /glade/u/apps/common/23.08/spack/opt/spack/intel-oneapi-compilers/2023.2.1/compiler/2023.2.1/linux/bin-llvm
Configuration file: /glade/u/apps/common/23.08/spack/opt/spack/intel-oneapi-compilers/2023.2.1/compiler/2023.2.1/linux/bin-llvm/../bin/icx.cfg
configure:3888: $? = 0
configure:3877: /glade/u/apps/common/23.08/spack/opt/spack/intel-oneapi-compilers/2023.2.1/compiler/2023.2.1/linux/bin/icx -v >&5
Intel(R) oneAPI DPC++/C++ Compiler 2023.2.0 (2023.2.0.20230721)
Target: x86_64-unknown-linux-gnu
Thread model: posix
InstalledDir: /glade/u/apps/common/23.08/spack/opt/spack/intel-oneapi-compilers/2023.2.1/compiler/2023.2.1/linux/bin-llvm
Configuration file: /glade/u/apps/common/23.08/spack/opt/spack/intel-oneapi-compilers/2023.2.1/compiler/2023.2.1/linux/bin-llvm/../bin/icx.cfg
Found candidate GCC installation: /usr/lib64/gcc/x86_64-suse-linux/7
Selected GCC installation: /usr/lib64/gcc/x86_64-suse-linux/7
Candidate multilib: .;@m64
Selected multilib: .;@m64
 "/usr/lib64/gcc/x86_64-suse-linux/7/../../../../x86_64-suse-linux/bin/ld" -z relro --hash-style=both --eh-frame-hdr -m elf_x86_64 -dynamic-linker /lib64/ld-linux-x86-64.so.2 -o a.out /usr/lib64/gcc/x86_64-suse-linux/7/../../../../lib64/crt1.o /usr/lib64/gcc/x86_64-suse-linux/7/../../../../lib64/crti.o /usr/lib64/gcc/x86_64-suse-linux/7/crtbegin.o -L/glade/u/apps/common/23.08/spack/opt/spack/intel-oneapi-compilers/2023.2.1/compiler/2023.2.1/linux/compiler/lib/intel64_lin -L/glade/u/apps/common/23.08/spack/opt/spack/intel-oneapi-compilers/2023.2.1/compiler/2023.2.1/linux/bin-llvm/../lib -L/glade/u/apps/common/23.08/spack/opt/spack/intel-oneapi-compilers/2023.2.1/compiler/2023.2.1/linux/compiler/lib/intel64_lin -L/usr/lib64/gcc/x86_64-suse-linux/7 -L/usr/lib64/gcc/x86_64-suse-linux/7/../../../../lib64 -L/lib/../lib64 -L/usr/lib/../lib64 -L/usr/lib64/gcc/x86_64-suse-linux/7/../../../../x86_64-suse-linux/lib -L/usr/lib64/gcc/x86_64-suse-linux/7/../../.. -L/glade/u/apps/common/23.08/spack/opt/spack/intel-oneapi-compilers/2023.2.1/compiler/2023.2.1/linux/bin-llvm/../lib -L/lib -L/usr/lib -L/glade/u/apps/common/23.08/spack/opt/spack/intel-oneapi-compilers/2023.2.1/compiler/2023.2.1/linux/compiler/lib/intel64_lin -L/glade/u/apps/common/23.08/spack/opt/spack/intel-oneapi-compilers/2023.2.1/compiler/2023.2.1/linux/lib -rpath /glade/u/apps/common/23.08/spack/opt/spack/intel-oneapi-compilers/2023.2.1/compiler/2023.2.1/linux/lib -rpath /glade/u/apps/common/23.08/spack/opt/spack/intel-oneapi-compilers/2023.2.1/compiler/2023.2.1/linux/lib/x64 -rpath /glade/u/apps/common/23.08/spack/opt/spack/intel-oneapi-compilers/2023.2.1/compiler/2023.2.1/linux/lib/oclfpga/host/linux64/lib -rpath /glade/u/apps/common/23.08/spack/opt/spack/intel-oneapi-compilers/2023.2.1/compiler/2023.2.1/linux/lib/oclfpga/linux64/lib -rpath /glade/u/apps/common/23.08/spack/opt/spack/intel-oneapi-compilers/2023.2.1/compiler/2023.2.1/linux/compiler/lib/intel64_lin -Bstatic -lsvml -Bdynamic -Bstatic -lirng -Bdynamic -Bstatic -limf -Bdynamic -lm -lgcc --as-needed -lgcc_s --no-as-needed -Bstatic -lirc -Bdynamic -ldl -lgcc --as-needed -lgcc_s --no-as-needed -lc -lgcc --as-needed -lgcc_s --no-as-needed -Bstatic -lirc_s -Bdynamic /usr/lib64/gcc/x86_64-suse-linux/7/crtend.o /usr/lib64/gcc/x86_64-suse-linux/7/../../../../lib64/crtn.o
... rest of stderr output deleted ...
configure:3888: $? = 1
configure:3877: /glade/u/apps/common/23.08/spack/opt/spack/intel-oneapi-compilers/2023.2.1/compiler/2023.2.1/linux/bin/icx -V >&5
Intel(R) oneAPI DPC++/C++ Compiler for applications running on Intel(R) 64, Version 2023.2.0 Build 20230721
Copyright (C) 1985-2023 Intel Corporation. All rights reserved.

configure:3888: $? = 0
configure:3877: /glade/u/apps/common/23.08/spack/opt/spack/intel-oneapi-compilers/2023.2.1/compiler/2023.2.1/linux/bin/icx -qversion >&5
icx: error: unknown argument '-qversion'; did you mean '--version'?
icx: error: no input files
configure:3888: $? = 1
configure:3877: /glade/u/apps/common/23.08/spack/opt/spack/intel-oneapi-compilers/2023.2.1/compiler/2023.2.1/linux/bin/icx -version >&5
icx: error: unknown argument '-version'; did you mean '--version'?
icx: error: no input files
configure:3888: $? = 1
configure:3908: checking whether the C compiler works
configure:3930: /glade/u/apps/common/23.08/spack/opt/spack/intel-oneapi-compilers/2023.2.1/compiler/2023.2.1/linux/bin/icx    conftest.c  >&5
configure:3934: $? = 0
configure:3984: result: yes
configure:3987: checking for C compiler default output file name
configure:3989: result: a.out
configure:3995: checking for suffix of executables
configure:4002: /glade/u/apps/common/23.08/spack/opt/spack/intel-oneapi-compilers/2023.2.1/compiler/2023.2.1/linux/bin/icx -o conftest    conftest.c  >&5
configure:4006: $? = 0
configure:4029: result: 
configure:4051: checking whether we are cross compiling
configure:4059: /glade/u/apps/common/23.08/spack/opt/spack/intel-oneapi-compilers/2023.2.1/compiler/2023.2.1/linux/bin/icx -o conftest    conftest.c  >&5
configure:4063: $? = 0
configure:4070: ./conftest
configure:4074: $? = 0
configure:4089: result: no
configure:4094: checking for suffix of object files
configure:4117: /glade/u/apps/common/23.08/spack/opt/spack/intel-oneapi-compilers/2023.2.1/compiler/2023.2.1/linux/bin/icx -c   conftest.c >&5
configure:4121: $? = 0
configure:4143: result: o
configure:4147: checking whether the compiler supports GNU C
configure:4167: /glade/u/apps/common/23.08/spack/opt/spack/intel-oneapi-compilers/2023.2.1/compiler/2023.2.1/linux/bin/icx -c   conftest.c >&5
configure:4167: $? = 0
configure:4177: result: yes
configure:4188: checking whether /glade/u/apps/common/23.08/spack/opt/spack/intel-oneapi-compilers/2023.2.1/compiler/2023.2.1/linux/bin/icx accepts -g
configure:4209: /glade/u/apps/common/23.08/spack/opt/spack/intel-oneapi-compilers/2023.2.1/compiler/2023.2.1/linux/bin/icx -c -g  conftest.c >&5
icx: remark: Note that use of '-g' without any optimization-level option will turn off most compiler optimizations similar to use of '-O0'; use '-Rno-debug-disables-optimization' to disable this remark [-Rdebug-disables-optimization]
configure:4209: $? = 0
configure: failed program was:
| /* confdefs.h */
| #define PACKAGE_NAME "crsim"
| #define PACKAGE_TARNAME "crsim"
| #define PACKAGE_VERSION "4.0"
| #define PACKAGE_STRING "crsim 4.0"
| #define PACKAGE_BUGREPORT "mariko.oue@stonybrook.edu"
| #define PACKAGE_URL ""
| #define PACKAGE "crsim"
| #define VERSION "4.0"
| /* end confdefs.h.  */
| 
| int
| main (void)
| {
| 
|   ;
|   return 0;
| }
configure:4225: /glade/u/apps/common/23.08/spack/opt/spack/intel-oneapi-compilers/2023.2.1/compiler/2023.2.1/linux/bin/icx -c   conftest.c >&5
configure:4225: $? = 0
configure:4253: result: no
configure:4273: checking for /glade/u/apps/common/23.08/spack/opt/spack/intel-oneapi-compilers/2023.2.1/compiler/2023.2.1/linux/bin/icx option to enable C11 features
configure:4288: /glade/u/apps/common/23.08/spack/opt/spack/intel-oneapi-compilers/2023.2.1/compiler/2023.2.1/linux/bin/icx  -c   conftest.c >&5
conftest.c:25:14: warning: a function definition without a prototype is deprecated in all versions of C and is not supported in C2x [-Wdeprecated-non-prototype]
static char *e (p, i)
             ^
1 warning generated.
configure:4288: $? = 0
configure:4306: result: none needed
configure:4422: checking whether /glade/u/apps/common/23.08/spack/opt/spack/intel-oneapi-compilers/2023.2.1/compiler/2023.2.1/linux/bin/icx understands -c and -o together
configure:4445: /glade/u/apps/common/23.08/spack/opt/spack/intel-oneapi-compilers/2023.2.1/compiler/2023.2.1/linux/bin/icx -c conftest.c -o conftest2.o
configure:4448: $? = 0
configure:4445: /glade/u/apps/common/23.08/spack/opt/spack/intel-oneapi-compilers/2023.2.1/compiler/2023.2.1/linux/bin/icx -c conftest.c -o conftest2.o
configure:4448: $? = 0
configure:4460: result: yes
configure:4480: checking whether make supports the include directive
configure:4495: make -f confmf.GNU && cat confinc.out
this is the am__doit target
configure:4498: $? = 0
configure:4517: result: yes (GNU style)
configure:4543: checking dependency style of /glade/u/apps/common/23.08/spack/opt/spack/intel-oneapi-compilers/2023.2.1/compiler/2023.2.1/linux/bin/icx
configure:4655: result: none
configure:4786: checking for Fortran compiler version
configure:4795: /glade/u/apps/common/23.08/spack/opt/spack/intel-oneapi-compilers/2023.2.1/compiler/2023.2.1/linux/bin/intel64/ifort --version >&5
ifort (IFORT) 2021.10.0 20230609
Copyright (C) 1985-2023 Intel Corporation.  All rights reserved.

configure:4806: $? = 0
configure:4795: /glade/u/apps/common/23.08/spack/opt/spack/intel-oneapi-compilers/2023.2.1/compiler/2023.2.1/linux/bin/intel64/ifort -v >&5
ifort version 2021.10.0
ld    /usr/lib64/gcc/x86_64-suse-linux/7/../../../../lib64/crt1.o /usr/lib64/gcc/x86_64-suse-linux/7/../../../../lib64/crti.o /usr/lib64/gcc/x86_64-suse-linux/7/crtbegin.o --eh-frame-hdr --build-id -dynamic-linker /lib64/ld-linux-x86-64.so.2 -m elf_x86_64 -plugin /glade/u/apps/common/23.08/spack/opt/spack/intel-oneapi-compilers/2023.2.1/compiler/2023.2.1/linux/bin/intel64/../../bin/intel64/../../lib/icx-lto.so -o a.out /glade/u/apps/common/23.08/spack/opt/spack/intel-oneapi-compilers/2023.2.1/compiler/2023.2.1/linux/bin/intel64/../../compiler/lib/intel64_lin/for_main.o -L/glade/u/apps/common/23.08/spack/opt/spack/intel-oneapi-compilers/2023.2.1/compiler/2023.2.1/linux/compiler/lib/intel64_lin -L/glade/u/apps/common/23.08/spack/opt/spack/intel-oneapi-compilers/2023.2.1/compiler/2023.2.1/linux/lib -L/glade/u/apps/common/23.08/spack/opt/spack/intel-oneapi-compilers/2023.2.1/compiler/2023.2.1/linux/bin/intel64/../../compiler/lib/intel64_lin -L/usr/lib64/gcc/x86_64-suse-linux/7/ -L/usr/lib64/gcc/x86_64-suse-linux/7/../../../../lib64 -L/usr/lib64/gcc/x86_64-suse-linux/7/../../../../lib64/ -L/lib/../lib64 -L/lib/../lib64/ -L/usr/lib/../lib64 -L/usr/lib/../lib64/ -L/glade/u/apps/common/23.08/spack/opt/spack/intel-oneapi-compilers/2023.2.1/compiler/2023.2.1/linux/compiler/lib/intel64_lin/ -L/glade/u/apps/common/23.08/spack/opt/spack/intel-oneapi-compilers/2023.2.1/compiler/2023.2.1/linux/lib/ -L/usr/lib64/gcc/x86_64-suse-linux/7/../../../../x86_64-suse-linux/lib/ -L/usr/lib64/gcc/x86_64-suse-linux/7/../../../ -L/lib64 -L/lib/ -L/usr/lib64 -L/usr/lib -rpath /glade/u/apps/common/23.08/spack/opt/spack/intel-oneapi-compilers/2023.2.1/compiler/2023.2.1/linux/lib -rpath /glade/u/apps/common/23.08/spack/opt/spack/intel-oneapi-compilers/2023.2.1/compiler/2023.2.1/linux/lib/x64 -rpath /glade/u/apps/common/23.08/spack/opt/spack/intel-oneapi-compilers/2023.2.1/compiler/2023.2.1/linux/lib/oclfpga/host/linux64/lib -rpath /glade/u/apps/common/23.08/spack/opt/spack/intel-oneapi-compilers/2023.2.1/compiler/2023.2.1/linux/lib/oclfpga/linux64/lib -rpath /glade/u/apps/common/23.08/spack/opt/spack/intel-oneapi-compilers/2023.2.1/compiler/2023.2.1/linux/compiler/lib/intel64_lin -Bdynamic -Bstatic -lifport -lifcoremt -limf -lsvml -Bdynamic -lm -Bstatic -lipgo -lirc -Bdynamic -lpthread -Bstatic -lsvml -Bdynamic -lc -lgcc -lgcc_s -Bstatic -lirc_s -Bdynamic -ldl -lc /usr/lib64/gcc/x86_64-suse-linux/7/crtend.o /usr/lib64/gcc/x86_64-suse-linux/7/../../../../lib64/crtn.o
ld: /glade/u/apps/common/23.08/spack/opt/spack/intel-oneapi-compilers/2023.2.1/compiler/2023.2.1/linux/bin/intel64/../../compiler/lib/intel64_lin/for_main.o: in function `main':
for_main.c:(.text+0x19): undefined reference to `MAIN__'
configure:4806: $? = 1
configure:4795: /glade/u/apps/common/23.08/spack/opt/spack/intel-oneapi-compilers/2023.2.1/compiler/2023.2.1/linux/bin/intel64/ifort -V >&5
GNU ld (GNU Binutils; SUSE Linux Enterprise 15) 2.37.20211103-150100.7.37
Intel(R) Fortran Intel(R) 64 Compiler Classic for applications running on Intel(R) 64, Version 2021.10.0 Build 20230609_000000
Copyright (C) 1985-2023 Intel Corporation.  All rights reserved.

ld: /glade/u/apps/common/23.08/spack/opt/spack/intel-oneapi-compilers/2023.2.1/compiler/2023.2.1/linux/bin/intel64/../../compiler/lib/intel64_lin/for_main.o: in function `main':
for_main.c:(.text+0x19): undefined reference to `MAIN__'
configure:4806: $? = 1
configure:4795: /glade/u/apps/common/23.08/spack/opt/spack/intel-oneapi-compilers/2023.2.1/compiler/2023.2.1/linux/bin/intel64/ifort -qversion >&5
ifort: command line warning #10006: ignoring unknown option '-qversion'
ld: /glade/u/apps/common/23.08/spack/opt/spack/intel-oneapi-compilers/2023.2.1/compiler/2023.2.1/linux/bin/intel64/../../compiler/lib/intel64_lin/for_main.o: in function `main':
for_main.c:(.text+0x19): undefined reference to `MAIN__'
configure:4806: $? = 1
configure:4815: checking whether the compiler supports GNU Fortran
configure:4829: /glade/u/apps/common/23.08/spack/opt/spack/intel-oneapi-compilers/2023.2.1/compiler/2023.2.1/linux/bin/intel64/ifort -c -fpp  conftest.F >&5
conftest.F(3): error #5082: Syntax error, found END-OF-STATEMENT when expecting one of: ( : % [ . = =>
       choke me
---------------^
conftest.F(3): error #6218: This statement is positioned incorrectly and/or has syntax errors.
       choke me
-------^
compilation aborted for conftest.F (code 1)
configure:4829: $? = 1
configure: failed program was:
|       program main
| #ifndef __GNUC__
|        choke me
| #endif
| 
|       end
configure:4839: result: no
configure:4847: checking whether /glade/u/apps/common/23.08/spack/opt/spack/intel-oneapi-compilers/2023.2.1/compiler/2023.2.1/linux/bin/intel64/ifort accepts -g
configure:4859: /glade/u/apps/common/23.08/spack/opt/spack/intel-oneapi-compilers/2023.2.1/compiler/2023.2.1/linux/bin/intel64/ifort -c -g  conftest.f >&5
configure:4859: $? = 0
configure:4868: result: yes
configure:4979: checking for pow in -lm
configure:5002: /glade/u/apps/common/23.08/spack/opt/spack/intel-oneapi-compilers/2023.2.1/compiler/2023.2.1/linux/bin/icx -o conftest    conftest.c -lm   >&5
conftest.c:15:6: warning: incompatible redeclaration of library function 'pow' [-Wincompatible-library-redeclaration]
char pow ();
     ^
conftest.c:15:6: note: 'pow' is a builtin with type 'double (double, double)'
1 warning generated.
configure:5002: $? = 0
configure:5012: result: yes
configure:5022: checking for uncompress in -lz
configure:5045: /glade/u/apps/common/23.08/spack/opt/spack/intel-oneapi-compilers/2023.2.1/compiler/2023.2.1/linux/bin/icx -o conftest    conftest.c -lz  -lm  >&5
configure:5045: $? = 0
configure:5055: result: yes
configure:5070: checking for stdio.h
configure:5070: /glade/u/apps/common/23.08/spack/opt/spack/intel-oneapi-compilers/2023.2.1/compiler/2023.2.1/linux/bin/icx -c   conftest.c >&5
configure:5070: $? = 0
configure:5070: result: yes
configure:5070: checking for stdlib.h
configure:5070: /glade/u/apps/common/23.08/spack/opt/spack/intel-oneapi-compilers/2023.2.1/compiler/2023.2.1/linux/bin/icx -c   conftest.c >&5
configure:5070: $? = 0
configure:5070: result: yes
configure:5070: checking for string.h
configure:5070: /glade/u/apps/common/23.08/spack/opt/spack/intel-oneapi-compilers/2023.2.1/compiler/2023.2.1/linux/bin/icx -c   conftest.c >&5
configure:5070: $? = 0
configure:5070: result: yes
configure:5070: checking for inttypes.h
configure:5070: /glade/u/apps/common/23.08/spack/opt/spack/intel-oneapi-compilers/2023.2.1/compiler/2023.2.1/linux/bin/icx -c   conftest.c >&5
configure:5070: $? = 0
configure:5070: result: yes
configure:5070: checking for stdint.h
configure:5070: /glade/u/apps/common/23.08/spack/opt/spack/intel-oneapi-compilers/2023.2.1/compiler/2023.2.1/linux/bin/icx -c   conftest.c >&5
configure:5070: $? = 0
configure:5070: result: yes
configure:5070: checking for strings.h
configure:5070: /glade/u/apps/common/23.08/spack/opt/spack/intel-oneapi-compilers/2023.2.1/compiler/2023.2.1/linux/bin/icx -c   conftest.c >&5
configure:5070: $? = 0
configure:5070: result: yes
configure:5070: checking for sys/stat.h
configure:5070: /glade/u/apps/common/23.08/spack/opt/spack/intel-oneapi-compilers/2023.2.1/compiler/2023.2.1/linux/bin/icx -c   conftest.c >&5
configure:5070: $? = 0
configure:5070: result: yes
configure:5070: checking for sys/types.h
configure:5070: /glade/u/apps/common/23.08/spack/opt/spack/intel-oneapi-compilers/2023.2.1/compiler/2023.2.1/linux/bin/icx -c   conftest.c >&5
configure:5070: $? = 0
configure:5070: result: yes
configure:5070: checking for unistd.h
configure:5070: /glade/u/apps/common/23.08/spack/opt/spack/intel-oneapi-compilers/2023.2.1/compiler/2023.2.1/linux/bin/icx -c   conftest.c >&5
configure:5070: $? = 0
configure:5070: result: yes
configure:5095: checking for fcntl.h
configure:5095: /glade/u/apps/common/23.08/spack/opt/spack/intel-oneapi-compilers/2023.2.1/compiler/2023.2.1/linux/bin/icx -c   conftest.c >&5
configure:5095: $? = 0
configure:5095: result: yes
configure:5101: checking for float.h
configure:5101: /glade/u/apps/common/23.08/spack/opt/spack/intel-oneapi-compilers/2023.2.1/compiler/2023.2.1/linux/bin/icx -c   conftest.c >&5
configure:5101: $? = 0
configure:5101: result: yes
configure:5107: checking for inttypes.h
configure:5107: result: yes
configure:5113: checking for limits.h
configure:5113: /glade/u/apps/common/23.08/spack/opt/spack/intel-oneapi-compilers/2023.2.1/compiler/2023.2.1/linux/bin/icx -c   conftest.c >&5
configure:5113: $? = 0
configure:5113: result: yes
configure:5119: checking for malloc.h
configure:5119: /glade/u/apps/common/23.08/spack/opt/spack/intel-oneapi-compilers/2023.2.1/compiler/2023.2.1/linux/bin/icx -c   conftest.c >&5
configure:5119: $? = 0
configure:5119: result: yes
configure:5125: checking for stddef.h
configure:5125: /glade/u/apps/common/23.08/spack/opt/spack/intel-oneapi-compilers/2023.2.1/compiler/2023.2.1/linux/bin/icx -c   conftest.c >&5
configure:5125: $? = 0
configure:5125: result: yes
configure:5131: checking for stdlib.h
configure:5131: result: yes
configure:5137: checking for string.h
configure:5137: result: yes
configure:5143: checking for sys/statvfs.h
configure:5143: /glade/u/apps/common/23.08/spack/opt/spack/intel-oneapi-compilers/2023.2.1/compiler/2023.2.1/linux/bin/icx -c   conftest.c >&5
configure:5143: $? = 0
configure:5143: result: yes
configure:5149: checking for sys/time.h
configure:5149: /glade/u/apps/common/23.08/spack/opt/spack/intel-oneapi-compilers/2023.2.1/compiler/2023.2.1/linux/bin/icx -c   conftest.c >&5
configure:5149: $? = 0
configure:5149: result: yes
configure:5155: checking for unistd.h
configure:5155: result: yes
configure:5162: checking for zlib.h
configure:5162: /glade/u/apps/common/23.08/spack/opt/spack/intel-oneapi-compilers/2023.2.1/compiler/2023.2.1/linux/bin/icx -c   conftest.c >&5
configure:5162: $? = 0
configure:5162: result: yes
configure:5171: checking for mode_t
configure:5171: /glade/u/apps/common/23.08/spack/opt/spack/intel-oneapi-compilers/2023.2.1/compiler/2023.2.1/linux/bin/icx -c   conftest.c >&5
configure:5171: $? = 0
configure:5171: /glade/u/apps/common/23.08/spack/opt/spack/intel-oneapi-compilers/2023.2.1/compiler/2023.2.1/linux/bin/icx -c   conftest.c >&5
conftest.c:66:21: error: expected expression
if (sizeof ((mode_t)))
                    ^
1 error generated.
configure:5171: $? = 1
configure: failed program was:
| /* confdefs.h */
| #define PACKAGE_NAME "crsim"
| #define PACKAGE_TARNAME "crsim"
| #define PACKAGE_VERSION "4.0"
| #define PACKAGE_STRING "crsim 4.0"
| #define PACKAGE_BUGREPORT "mariko.oue@stonybrook.edu"
| #define PACKAGE_URL ""
| #define PACKAGE "crsim"
| #define VERSION "4.0"
| #define HAVE_LIBM 1
| #define HAVE_LIBZ 1
| #define HAVE_STDIO_H 1
| #define HAVE_STDLIB_H 1
| #define HAVE_STRING_H 1
| #define HAVE_INTTYPES_H 1
| #define HAVE_STDINT_H 1
| #define HAVE_STRINGS_H 1
| #define HAVE_SYS_STAT_H 1
| #define HAVE_SYS_TYPES_H 1
| #define HAVE_UNISTD_H 1
| #define STDC_HEADERS 1
| #define HAVE_FCNTL_H 1
| #define HAVE_FLOAT_H 1
| #define HAVE_INTTYPES_H 1
| #define HAVE_LIMITS_H 1
| #define HAVE_MALLOC_H 1
| #define HAVE_STDDEF_H 1
| #define HAVE_STDLIB_H 1
| #define HAVE_STRING_H 1
| #define HAVE_SYS_STATVFS_H 1
| #define HAVE_SYS_TIME_H 1
| #define HAVE_UNISTD_H 1
| #define HAVE_ZLIB_H 1
| /* end confdefs.h.  */
| #include <stddef.h>
| #ifdef HAVE_STDIO_H
| # include <stdio.h>
| #endif
| #ifdef HAVE_STDLIB_H
| # include <stdlib.h>
| #endif
| #ifdef HAVE_STRING_H
| # include <string.h>
| #endif
| #ifdef HAVE_INTTYPES_H
| # include <inttypes.h>
| #endif
| #ifdef HAVE_STDINT_H
| # include <stdint.h>
| #endif
| #ifdef HAVE_STRINGS_H
| # include <strings.h>
| #endif
| #ifdef HAVE_SYS_TYPES_H
| # include <sys/types.h>
| #endif
| #ifdef HAVE_SYS_STAT_H
| # include <sys/stat.h>
| #endif
| #ifdef HAVE_UNISTD_H
| # include <unistd.h>
| #endif
| int
| main (void)
| {
| if (sizeof ((mode_t)))
| 	    return 0;
|   ;
|   return 0;
| }
configure:5171: result: yes
configure:5182: checking for pid_t
configure:5182: /glade/u/apps/common/23.08/spack/opt/spack/intel-oneapi-compilers/2023.2.1/compiler/2023.2.1/linux/bin/icx -c   conftest.c >&5
configure:5182: $? = 0
configure:5182: /glade/u/apps/common/23.08/spack/opt/spack/intel-oneapi-compilers/2023.2.1/compiler/2023.2.1/linux/bin/icx -c   conftest.c >&5
conftest.c:67:20: error: expected expression
if (sizeof ((pid_t)))
                   ^
1 error generated.
configure:5182: $? = 1
configure: failed program was:
| /* confdefs.h */
| #define PACKAGE_NAME "crsim"
| #define PACKAGE_TARNAME "crsim"
| #define PACKAGE_VERSION "4.0"
| #define PACKAGE_STRING "crsim 4.0"
| #define PACKAGE_BUGREPORT "mariko.oue@stonybrook.edu"
| #define PACKAGE_URL ""
| #define PACKAGE "crsim"
| #define VERSION "4.0"
| #define HAVE_LIBM 1
| #define HAVE_LIBZ 1
| #define HAVE_STDIO_H 1
| #define HAVE_STDLIB_H 1
| #define HAVE_STRING_H 1
| #define HAVE_INTTYPES_H 1
| #define HAVE_STDINT_H 1
| #define HAVE_STRINGS_H 1
| #define HAVE_SYS_STAT_H 1
| #define HAVE_SYS_TYPES_H 1
| #define HAVE_UNISTD_H 1
| #define STDC_HEADERS 1
| #define HAVE_FCNTL_H 1
| #define HAVE_FLOAT_H 1
| #define HAVE_INTTYPES_H 1
| #define HAVE_LIMITS_H 1
| #define HAVE_MALLOC_H 1
| #define HAVE_STDDEF_H 1
| #define HAVE_STDLIB_H 1
| #define HAVE_STRING_H 1
| #define HAVE_SYS_STATVFS_H 1
| #define HAVE_SYS_TIME_H 1
| #define HAVE_UNISTD_H 1
| #define HAVE_ZLIB_H 1
| /* end confdefs.h.  */
| #include <stddef.h>
| #ifdef HAVE_STDIO_H
| # include <stdio.h>
| #endif
| #ifdef HAVE_STDLIB_H
| # include <stdlib.h>
| #endif
| #ifdef HAVE_STRING_H
| # include <string.h>
| #endif
| #ifdef HAVE_INTTYPES_H
| # include <inttypes.h>
| #endif
| #ifdef HAVE_STDINT_H
| # include <stdint.h>
| #endif
| #ifdef HAVE_STRINGS_H
| # include <strings.h>
| #endif
| #ifdef HAVE_SYS_TYPES_H
| # include <sys/types.h>
| #endif
| #ifdef HAVE_SYS_STAT_H
| # include <sys/stat.h>
| #endif
| #ifdef HAVE_UNISTD_H
| # include <unistd.h>
| #endif
| 
| int
| main (void)
| {
| if (sizeof ((pid_t)))
| 	    return 0;
|   ;
|   return 0;
| }
configure:5182: result: yes
configure:5218: checking for size_t
configure:5218: /glade/u/apps/common/23.08/spack/opt/spack/intel-oneapi-compilers/2023.2.1/compiler/2023.2.1/linux/bin/icx -c   conftest.c >&5
configure:5218: $? = 0
configure:5218: /glade/u/apps/common/23.08/spack/opt/spack/intel-oneapi-compilers/2023.2.1/compiler/2023.2.1/linux/bin/icx -c   conftest.c >&5
conftest.c:66:21: error: expected expression
if (sizeof ((size_t)))
                    ^
1 error generated.
configure:5218: $? = 1
configure: failed program was:
| /* confdefs.h */
| #define PACKAGE_NAME "crsim"
| #define PACKAGE_TARNAME "crsim"
| #define PACKAGE_VERSION "4.0"
| #define PACKAGE_STRING "crsim 4.0"
| #define PACKAGE_BUGREPORT "mariko.oue@stonybrook.edu"
| #define PACKAGE_URL ""
| #define PACKAGE "crsim"
| #define VERSION "4.0"
| #define HAVE_LIBM 1
| #define HAVE_LIBZ 1
| #define HAVE_STDIO_H 1
| #define HAVE_STDLIB_H 1
| #define HAVE_STRING_H 1
| #define HAVE_INTTYPES_H 1
| #define HAVE_STDINT_H 1
| #define HAVE_STRINGS_H 1
| #define HAVE_SYS_STAT_H 1
| #define HAVE_SYS_TYPES_H 1
| #define HAVE_UNISTD_H 1
| #define STDC_HEADERS 1
| #define HAVE_FCNTL_H 1
| #define HAVE_FLOAT_H 1
| #define HAVE_INTTYPES_H 1
| #define HAVE_LIMITS_H 1
| #define HAVE_MALLOC_H 1
| #define HAVE_STDDEF_H 1
| #define HAVE_STDLIB_H 1
| #define HAVE_STRING_H 1
| #define HAVE_SYS_STATVFS_H 1
| #define HAVE_SYS_TIME_H 1
| #define HAVE_UNISTD_H 1
| #define HAVE_ZLIB_H 1
| /* end confdefs.h.  */
| #include <stddef.h>
| #ifdef HAVE_STDIO_H
| # include <stdio.h>
| #endif
| #ifdef HAVE_STDLIB_H
| # include <stdlib.h>
| #endif
| #ifdef HAVE_STRING_H
| # include <string.h>
| #endif
| #ifdef HAVE_INTTYPES_H
| # include <inttypes.h>
| #endif
| #ifdef HAVE_STDINT_H
| # include <stdint.h>
| #endif
| #ifdef HAVE_STRINGS_H
| # include <strings.h>
| #endif
| #ifdef HAVE_SYS_TYPES_H
| # include <sys/types.h>
| #endif
| #ifdef HAVE_SYS_STAT_H
| # include <sys/stat.h>
| #endif
| #ifdef HAVE_UNISTD_H
| # include <unistd.h>
| #endif
| int
| main (void)
| {
| if (sizeof ((size_t)))
| 	    return 0;
|   ;
|   return 0;
| }
configure:5218: result: yes
configure:5228: checking for ptrdiff_t
configure:5228: /glade/u/apps/common/23.08/spack/opt/spack/intel-oneapi-compilers/2023.2.1/compiler/2023.2.1/linux/bin/icx -c   conftest.c >&5
configure:5228: $? = 0
configure:5228: /glade/u/apps/common/23.08/spack/opt/spack/intel-oneapi-compilers/2023.2.1/compiler/2023.2.1/linux/bin/icx -c   conftest.c >&5
conftest.c:66:24: error: expected expression
if (sizeof ((ptrdiff_t)))
                       ^
1 error generated.
configure:5228: $? = 1
configure: failed program was:
| /* confdefs.h */
| #define PACKAGE_NAME "crsim"
| #define PACKAGE_TARNAME "crsim"
| #define PACKAGE_VERSION "4.0"
| #define PACKAGE_STRING "crsim 4.0"
| #define PACKAGE_BUGREPORT "mariko.oue@stonybrook.edu"
| #define PACKAGE_URL ""
| #define PACKAGE "crsim"
| #define VERSION "4.0"
| #define HAVE_LIBM 1
| #define HAVE_LIBZ 1
| #define HAVE_STDIO_H 1
| #define HAVE_STDLIB_H 1
| #define HAVE_STRING_H 1
| #define HAVE_INTTYPES_H 1
| #define HAVE_STDINT_H 1
| #define HAVE_STRINGS_H 1
| #define HAVE_SYS_STAT_H 1
| #define HAVE_SYS_TYPES_H 1
| #define HAVE_UNISTD_H 1
| #define STDC_HEADERS 1
| #define HAVE_FCNTL_H 1
| #define HAVE_FLOAT_H 1
| #define HAVE_INTTYPES_H 1
| #define HAVE_LIMITS_H 1
| #define HAVE_MALLOC_H 1
| #define HAVE_STDDEF_H 1
| #define HAVE_STDLIB_H 1
| #define HAVE_STRING_H 1
| #define HAVE_SYS_STATVFS_H 1
| #define HAVE_SYS_TIME_H 1
| #define HAVE_UNISTD_H 1
| #define HAVE_ZLIB_H 1
| /* end confdefs.h.  */
| #include <stddef.h>
| #ifdef HAVE_STDIO_H
| # include <stdio.h>
| #endif
| #ifdef HAVE_STDLIB_H
| # include <stdlib.h>
| #endif
| #ifdef HAVE_STRING_H
| # include <string.h>
| #endif
| #ifdef HAVE_INTTYPES_H
| # include <inttypes.h>
| #endif
| #ifdef HAVE_STDINT_H
| # include <stdint.h>
| #endif
| #ifdef HAVE_STRINGS_H
| # include <strings.h>
| #endif
| #ifdef HAVE_SYS_TYPES_H
| # include <sys/types.h>
| #endif
| #ifdef HAVE_SYS_STAT_H
| # include <sys/stat.h>
| #endif
| #ifdef HAVE_UNISTD_H
| # include <unistd.h>
| #endif
| int
| main (void)
| {
| if (sizeof ((ptrdiff_t)))
| 	    return 0;
|   ;
|   return 0;
| }
configure:5228: result: yes
configure:5245: checking build system type
configure:5260: result: x86_64-pc-linux-gnu
configure:5280: checking host system type
configure:5294: result: x86_64-pc-linux-gnu
configure:5314: checking for GNU libc compatible realloc
configure:5346: /glade/u/apps/common/23.08/spack/opt/spack/intel-oneapi-compilers/2023.2.1/compiler/2023.2.1/linux/bin/icx -o conftest    conftest.c -lz -lm  >&5
configure:5346: $? = 0
configure:5346: ./conftest
configure:5346: $? = 0
configure:5357: result: yes
configure:5379: checking for working strtod
configure:5422: /glade/u/apps/common/23.08/spack/opt/spack/intel-oneapi-compilers/2023.2.1/compiler/2023.2.1/linux/bin/icx -o conftest    conftest.c -lz -lm  >&5
conftest.c:67:8: warning: a function declaration without a prototype is deprecated in all versions of C and is treated as a zero-parameter prototype in C2x, conflicting with a previous declaration [-Wdeprecated-non-prototype]
double strtod ();
       ^
1 warning generated.
configure:5422: $? = 0
configure:5422: ./conftest
configure:5422: $? = 0
configure:5433: result: yes
configure:5496: checking for fdatasync
configure:5496: /glade/u/apps/common/23.08/spack/opt/spack/intel-oneapi-compilers/2023.2.1/compiler/2023.2.1/linux/bin/icx -o conftest    conftest.c -lz -lm  >&5
configure:5496: $? = 0
configure:5496: result: yes
configure:5502: checking for gethostname
configure:5502: /glade/u/apps/common/23.08/spack/opt/spack/intel-oneapi-compilers/2023.2.1/compiler/2023.2.1/linux/bin/icx -o conftest    conftest.c -lz -lm  >&5
configure:5502: $? = 0
configure:5502: result: yes
configure:5508: checking for memset
configure:5508: /glade/u/apps/common/23.08/spack/opt/spack/intel-oneapi-compilers/2023.2.1/compiler/2023.2.1/linux/bin/icx -o conftest    conftest.c -lz -lm  >&5
conftest.c:55:6: warning: incompatible redeclaration of library function 'memset' [-Wincompatible-library-redeclaration]
char memset ();
     ^
conftest.c:55:6: note: 'memset' is a builtin with type 'void *(void *, int, unsigned long)'
1 warning generated.
configure:5508: $? = 0
configure:5508: result: yes
configure:5514: checking for mkdir
configure:5514: /glade/u/apps/common/23.08/spack/opt/spack/intel-oneapi-compilers/2023.2.1/compiler/2023.2.1/linux/bin/icx -o conftest    conftest.c -lz -lm  >&5
configure:5514: $? = 0
configure:5514: result: yes
configure:5520: checking for pow
configure:5520: /glade/u/apps/common/23.08/spack/opt/spack/intel-oneapi-compilers/2023.2.1/compiler/2023.2.1/linux/bin/icx -o conftest    conftest.c -lz -lm  >&5
conftest.c:57:6: warning: incompatible redeclaration of library function 'pow' [-Wincompatible-library-redeclaration]
char pow ();
     ^
conftest.c:57:6: note: 'pow' is a builtin with type 'double (double, double)'
1 warning generated.
configure:5520: $? = 0
configure:5520: result: yes
configure:5526: checking for putenv
configure:5526: /glade/u/apps/common/23.08/spack/opt/spack/intel-oneapi-compilers/2023.2.1/compiler/2023.2.1/linux/bin/icx -o conftest    conftest.c -lz -lm  >&5
configure:5526: $? = 0
configure:5526: result: yes
configure:5532: checking for sqrt
configure:5532: /glade/u/apps/common/23.08/spack/opt/spack/intel-oneapi-compilers/2023.2.1/compiler/2023.2.1/linux/bin/icx -o conftest    conftest.c -lz -lm  >&5
conftest.c:59:6: warning: incompatible redeclaration of library function 'sqrt' [-Wincompatible-library-redeclaration]
char sqrt ();
     ^
conftest.c:59:6: note: 'sqrt' is a builtin with type 'double (double)'
1 warning generated.
configure:5532: $? = 0
configure:5532: result: yes
configure:5538: checking for strchr
configure:5538: /glade/u/apps/common/23.08/spack/opt/spack/intel-oneapi-compilers/2023.2.1/compiler/2023.2.1/linux/bin/icx -o conftest    conftest.c -lz -lm  >&5
conftest.c:60:6: warning: incompatible redeclaration of library function 'strchr' [-Wincompatible-library-redeclaration]
char strchr ();
     ^
conftest.c:60:6: note: 'strchr' is a builtin with type 'char *(const char *, int)'
1 warning generated.
configure:5538: $? = 0
configure:5538: result: yes
configure:5544: checking for strdup
configure:5544: /glade/u/apps/common/23.08/spack/opt/spack/intel-oneapi-compilers/2023.2.1/compiler/2023.2.1/linux/bin/icx -o conftest    conftest.c -lz -lm  >&5
conftest.c:61:6: warning: incompatible redeclaration of library function 'strdup' [-Wincompatible-library-redeclaration]
char strdup ();
     ^
conftest.c:61:6: note: 'strdup' is a builtin with type 'char *(const char *)'
1 warning generated.
configure:5544: $? = 0
configure:5544: result: yes
configure:5550: checking for strerror
configure:5550: /glade/u/apps/common/23.08/spack/opt/spack/intel-oneapi-compilers/2023.2.1/compiler/2023.2.1/linux/bin/icx -o conftest    conftest.c -lz -lm  >&5
conftest.c:62:6: warning: incompatible redeclaration of library function 'strerror' [-Wincompatible-library-redeclaration]
char strerror ();
     ^
conftest.c:62:6: note: 'strerror' is a builtin with type 'char *(int)'
1 warning generated.
configure:5550: $? = 0
configure:5550: result: yes
configure:5556: checking for strrchr
configure:5556: /glade/u/apps/common/23.08/spack/opt/spack/intel-oneapi-compilers/2023.2.1/compiler/2023.2.1/linux/bin/icx -o conftest    conftest.c -lz -lm  >&5
conftest.c:63:6: warning: incompatible redeclaration of library function 'strrchr' [-Wincompatible-library-redeclaration]
char strrchr ();
     ^
conftest.c:63:6: note: 'strrchr' is a builtin with type 'char *(const char *, int)'
1 warning generated.
configure:5556: $? = 0
configure:5556: result: yes
configure:5562: checking for strspn
configure:5562: /glade/u/apps/common/23.08/spack/opt/spack/intel-oneapi-compilers/2023.2.1/compiler/2023.2.1/linux/bin/icx -o conftest    conftest.c -lz -lm  >&5
conftest.c:64:6: warning: incompatible redeclaration of library function 'strspn' [-Wincompatible-library-redeclaration]
char strspn ();
     ^
conftest.c:64:6: note: 'strspn' is a builtin with type 'unsigned long (const char *, const char *)'
1 warning generated.
configure:5562: $? = 0
configure:5562: result: yes
configure:5568: checking for strstr
configure:5568: /glade/u/apps/common/23.08/spack/opt/spack/intel-oneapi-compilers/2023.2.1/compiler/2023.2.1/linux/bin/icx -o conftest    conftest.c -lz -lm  >&5
conftest.c:65:6: warning: incompatible redeclaration of library function 'strstr' [-Wincompatible-library-redeclaration]
char strstr ();
     ^
conftest.c:65:6: note: 'strstr' is a builtin with type 'char *(const char *, const char *)'
1 warning generated.
configure:5568: $? = 0
configure:5568: result: yes
configure:5574: checking for strtol
configure:5574: /glade/u/apps/common/23.08/spack/opt/spack/intel-oneapi-compilers/2023.2.1/compiler/2023.2.1/linux/bin/icx -o conftest    conftest.c -lz -lm  >&5
conftest.c:66:6: warning: incompatible redeclaration of library function 'strtol' [-Wincompatible-library-redeclaration]
char strtol ();
     ^
conftest.c:66:6: note: 'strtol' is a builtin with type 'long (const char *, char **, int)'
1 warning generated.
configure:5574: $? = 0
configure:5574: result: yes
configure:5580: checking for strtoul
configure:5580: /glade/u/apps/common/23.08/spack/opt/spack/intel-oneapi-compilers/2023.2.1/compiler/2023.2.1/linux/bin/icx -o conftest    conftest.c -lz -lm  >&5
conftest.c:67:6: warning: incompatible redeclaration of library function 'strtoul' [-Wincompatible-library-redeclaration]
char strtoul ();
     ^
conftest.c:67:6: note: 'strtoul' is a builtin with type 'unsigned long (const char *, char **, int)'
1 warning generated.
configure:5580: $? = 0
configure:5580: result: yes
configure:5586: checking for uname
configure:5586: /glade/u/apps/common/23.08/spack/opt/spack/intel-oneapi-compilers/2023.2.1/compiler/2023.2.1/linux/bin/icx -o conftest    conftest.c -lz -lm  >&5
configure:5586: $? = 0
configure:5586: result: yes
configure:5648: checking for library containing nc_open
configure:5678: /glade/u/apps/common/23.08/spack/opt/spack/intel-oneapi-compilers/2023.2.1/compiler/2023.2.1/linux/bin/icx -o conftest  -I/glade/u/apps/derecho/23.09/spack/opt/spack/netcdf/4.9.2/oneapi/2023.2.1/yzvj/include  -L/glade/u/apps/derecho/23.09/spack/opt/spack/netcdf/4.9.2/oneapi/2023.2.1/yzvj/lib -Wl,-rpath,/glade/u/apps/derecho/23.09/spack/opt/spack/netcdf/4.9.2/oneapi/2023.2.1/yzvj/lib  conftest.c -lz -lm  >&5
/usr/lib64/gcc/x86_64-suse-linux/7/../../../../x86_64-suse-linux/bin/ld: /glade/derecho/scratch/tycha/tmp/icx-36382f/conftest-b699d7.o: in function `main':
conftest.c:(.text+0x16): undefined reference to `nc_open'
icx: error: linker command failed with exit code 1 (use -v to see invocation)
configure:5678: $? = 1
configure: failed program was:
| /* confdefs.h */
| #define PACKAGE_NAME "crsim"
| #define PACKAGE_TARNAME "crsim"
| #define PACKAGE_VERSION "4.0"
| #define PACKAGE_STRING "crsim 4.0"
| #define PACKAGE_BUGREPORT "mariko.oue@stonybrook.edu"
| #define PACKAGE_URL ""
| #define PACKAGE "crsim"
| #define VERSION "4.0"
| #define HAVE_LIBM 1
| #define HAVE_LIBZ 1
| #define HAVE_STDIO_H 1
| #define HAVE_STDLIB_H 1
| #define HAVE_STRING_H 1
| #define HAVE_INTTYPES_H 1
| #define HAVE_STDINT_H 1
| #define HAVE_STRINGS_H 1
| #define HAVE_SYS_STAT_H 1
| #define HAVE_SYS_TYPES_H 1
| #define HAVE_UNISTD_H 1
| #define STDC_HEADERS 1
| #define HAVE_FCNTL_H 1
| #define HAVE_FLOAT_H 1
| #define HAVE_INTTYPES_H 1
| #define HAVE_LIMITS_H 1
| #define HAVE_MALLOC_H 1
| #define HAVE_STDDEF_H 1
| #define HAVE_STDLIB_H 1
| #define HAVE_STRING_H 1
| #define HAVE_SYS_STATVFS_H 1
| #define HAVE_SYS_TIME_H 1
| #define HAVE_UNISTD_H 1
| #define HAVE_ZLIB_H 1
| #define HAVE_PTRDIFF_T 1
| #define HAVE_REALLOC 1
| #define HAVE_FDATASYNC 1
| #define HAVE_GETHOSTNAME 1
| #define HAVE_MEMSET 1
| #define HAVE_MKDIR 1
| #define HAVE_POW 1
| #define HAVE_PUTENV 1
| #define HAVE_SQRT 1
| #define HAVE_STRCHR 1
| #define HAVE_STRDUP 1
| #define HAVE_STRERROR 1
| #define HAVE_STRRCHR 1
| #define HAVE_STRSPN 1
| #define HAVE_STRSTR 1
| #define HAVE_STRTOL 1
| #define HAVE_STRTOUL 1
| #define HAVE_UNAME 1
| /* end confdefs.h.  */
| 
| /* Override any GCC internal prototype to avoid an error.
|    Use char because int might match the return type of a GCC
|    builtin and then its argument prototype would still apply.  */
| char nc_open ();
| int
| main (void)
| {
| return nc_open ();
|   ;
|   return 0;
| }
configure:5678: /glade/u/apps/common/23.08/spack/opt/spack/intel-oneapi-compilers/2023.2.1/compiler/2023.2.1/linux/bin/icx -o conftest  -I/glade/u/apps/derecho/23.09/spack/opt/spack/netcdf/4.9.2/oneapi/2023.2.1/yzvj/include  -L/glade/u/apps/derecho/23.09/spack/opt/spack/netcdf/4.9.2/oneapi/2023.2.1/yzvj/lib -Wl,-rpath,/glade/u/apps/derecho/23.09/spack/opt/spack/netcdf/4.9.2/oneapi/2023.2.1/yzvj/lib  conftest.c -lnetcdf  -lz -lm  >&5
configure:5678: $? = 0
configure:5698: result: -lnetcdf
configure:5711: checking for netcdf.h
configure:5711: /glade/u/apps/common/23.08/spack/opt/spack/intel-oneapi-compilers/2023.2.1/compiler/2023.2.1/linux/bin/icx -c  -I/glade/u/apps/derecho/23.09/spack/opt/spack/netcdf/4.9.2/oneapi/2023.2.1/yzvj/include  conftest.c >&5
configure:5711: $? = 0
configure:5711: result: yes
configure:5785: checking for library containing nf_open
configure:5805: /glade/u/apps/common/23.08/spack/opt/spack/intel-oneapi-compilers/2023.2.1/compiler/2023.2.1/linux/bin/intel64/ifort -o conftest -I/glade/u/apps/derecho/23.09/spack/opt/spack/netcdf/4.9.2/oneapi/2023.2.1/yzvj/include -fpp -L/glade/u/apps/derecho/23.09/spack/opt/spack/netcdf/4.9.2/oneapi/2023.2.1/yzvj/lib -Wl,-rpath,/glade/u/apps/derecho/23.09/spack/opt/spack/netcdf/4.9.2/oneapi/2023.2.1/yzvj/lib -L/glade/u/apps/derecho/23.09/spack/opt/spack/netcdf/4.9.2/oneapi/2023.2.1/yzvj/lib -Wl,-rpath,/glade/u/apps/derecho/23.09/spack/opt/spack/netcdf/4.9.2/oneapi/2023.2.1/yzvj/lib   conftest.f -lnetcdf -lz -lm  >&5
ld: /glade/derecho/scratch/tycha/tmp/ifortATVOXM.o: in function `MAIN__':
conftest.f:(.text+0x37): undefined reference to `nf_open_'
configure:5805: $? = 1
configure: failed program was:
|       program main
|       call nf_open
|       end
configure:5805: /glade/u/apps/common/23.08/spack/opt/spack/intel-oneapi-compilers/2023.2.1/compiler/2023.2.1/linux/bin/intel64/ifort -o conftest -I/glade/u/apps/derecho/23.09/spack/opt/spack/netcdf/4.9.2/oneapi/2023.2.1/yzvj/include -fpp -L/glade/u/apps/derecho/23.09/spack/opt/spack/netcdf/4.9.2/oneapi/2023.2.1/yzvj/lib -Wl,-rpath,/glade/u/apps/derecho/23.09/spack/opt/spack/netcdf/4.9.2/oneapi/2023.2.1/yzvj/lib -L/glade/u/apps/derecho/23.09/spack/opt/spack/netcdf/4.9.2/oneapi/2023.2.1/yzvj/lib -Wl,-rpath,/glade/u/apps/derecho/23.09/spack/opt/spack/netcdf/4.9.2/oneapi/2023.2.1/yzvj/lib   conftest.f -lnetcdff  -lnetcdf -lz -lm  >&5
configure:5805: $? = 0
configure:5825: result: -lnetcdff
configure:5836: checking for Fortran module netcdf
configure:5848: /glade/u/apps/common/23.08/spack/opt/spack/intel-oneapi-compilers/2023.2.1/compiler/2023.2.1/linux/bin/intel64/ifort -o conftest -I/glade/u/apps/derecho/23.09/spack/opt/spack/netcdf/4.9.2/oneapi/2023.2.1/yzvj/include -fpp -L/glade/u/apps/derecho/23.09/spack/opt/spack/netcdf/4.9.2/oneapi/2023.2.1/yzvj/lib -Wl,-rpath,/glade/u/apps/derecho/23.09/spack/opt/spack/netcdf/4.9.2/oneapi/2023.2.1/yzvj/lib -L/glade/u/apps/derecho/23.09/spack/opt/spack/netcdf/4.9.2/oneapi/2023.2.1/yzvj/lib -Wl,-rpath,/glade/u/apps/derecho/23.09/spack/opt/spack/netcdf/4.9.2/oneapi/2023.2.1/yzvj/lib   conftest.f -lnetcdff -lnetcdf -lz -lm  >&5
configure:5848: $? = 0
configure:5850: result: yes
configure:5956: checking for nccmp
configure:5977: found /glade/u/apps/derecho/23.09/spack/opt/spack/nccmp/1.9.1.0/gcc/12.2.0/jacb/bin/nccmp
configure:5989: result: yes
configure:6040:
  -----------------------------------------------------------------------------
   The OpenMP library is mandatory for crsim. However, the option
   '--disable-openmp' has been specified when invoking 'configure'. Note:
   this wil reject OpenMP support.
  -----------------------------------------------------------------------------
configure:6226: checking that generated files are newer than configure
configure:6232: result: done
configure:6255: creating ./config.status

## ---------------------- ##
## Running config.status. ##
## ---------------------- ##

This file was extended by crsim config.status 4.0, which was
generated by GNU Autoconf 2.71.  Invocation command line was

  CONFIG_FILES    = 
  CONFIG_HEADERS  = 
  CONFIG_LINKS    = 
  CONFIG_COMMANDS = 
  $ ./config.status 

on derecho2

config.status:906: creating Makefile
config.status:906: creating etc/Makefile
config.status:906: creating doc/Makefile
config.status:906: creating share/crsim/Makefile
config.status:906: creating share/crsim/test/Makefile
config.status:906: creating src/Makefile
config.status:906: creating config.h
config.status:1087: config.h is unchanged
config.status:1135: executing depfiles commands
configure:7575: result:
--------------------------------------------------------------------------------
    Configure Information:

    crsim version 4.0

    Prefix (installation path)........................: /glade/work/tycha/model/CR-SIM/crsim-4.0

    C Compiler........................................: /glade/u/apps/common/23.08/spack/opt/spack/intel-oneapi-compilers/2023.2.1/compiler/2023.2.1/linux/bin/icx
       C preprocessor flags (CPP).....................: 
       C compiler flags (CFLAGS)......................: 
       Extra C flags..................................: 

    C/C++ preprocessor flags (CPPFLAGS)...............:  -I/glade/u/apps/derecho/23.09/spack/opt/spack/netcdf/4.9.2/oneapi/2023.2.1/yzvj/include

    Fortran Compiler..................................: /glade/u/apps/common/23.08/spack/opt/spack/intel-oneapi-compilers/2023.2.1/compiler/2023.2.1/linux/bin/intel64/ifort
       Fortran compiler flags (FCFLAGS)...............: -fpp
       Extra Fortran flags............................: 

    Fortran preprocessor flags........................: -I/glade/u/apps/derecho/23.09/spack/opt/spack/netcdf/4.9.2/oneapi/2023.2.1/yzvj/include

    Linker............................................: 
       Linker flags (LDFLAGS).........................:  -L/glade/u/apps/derecho/23.09/spack/opt/spack/netcdf/4.9.2/oneapi/2023.2.1/yzvj/lib -Wl,-rpath,/glade/u/apps/derecho/23.09/spack/opt/spack/netcdf/4.9.2/oneapi/2023.2.1/yzvj/lib
       Linker flags (fortran only)....................: -L/glade/u/apps/derecho/23.09/spack/opt/spack/netcdf/4.9.2/oneapi/2023.2.1/yzvj/lib -Wl,-rpath,/glade/u/apps/derecho/23.09/spack/opt/spack/netcdf/4.9.2/oneapi/2023.2.1/yzvj/lib
       Linker Libraries (LIBS)........................: -lnetcdff -lnetcdf -lz -lm 

    preloading of luts................................: yes
    disable openmp....................................: yes
    Fortan flags needed for supporting OpenMP.........: 
    NCCMP.............................................: nccmp
--------------------------------------------------------------------------------


## ---------------- ##
## Cache variables. ##
## ---------------- ##

ac_cv_build=x86_64-pc-linux-gnu
ac_cv_c_compiler_gnu=yes
ac_cv_env_CC_set=set
ac_cv_env_CC_value=/glade/u/apps/common/23.08/spack/opt/spack/intel-oneapi-compilers/2023.2.1/compiler/2023.2.1/linux/bin/icx
ac_cv_env_CFLAGS_set=
ac_cv_env_CFLAGS_value=
ac_cv_env_CPPFLAGS_set=
ac_cv_env_CPPFLAGS_value=
ac_cv_env_FCFLAGS_set=set
ac_cv_env_FCFLAGS_value=-fpp
ac_cv_env_FC_set=set
ac_cv_env_FC_value=/glade/u/apps/common/23.08/spack/opt/spack/intel-oneapi-compilers/2023.2.1/compiler/2023.2.1/linux/bin/intel64/ifort
ac_cv_env_LDFLAGS_set=
ac_cv_env_LDFLAGS_value=
ac_cv_env_LIBS_set=
ac_cv_env_LIBS_value=
ac_cv_env_build_alias_set=
ac_cv_env_build_alias_value=
ac_cv_env_host_alias_set=
ac_cv_env_host_alias_value=
ac_cv_env_target_alias_set=
ac_cv_env_target_alias_value=
ac_cv_fc_compiler_gnu=no
ac_cv_func_fdatasync=yes
ac_cv_func_gethostname=yes
ac_cv_func_memset=yes
ac_cv_func_mkdir=yes
ac_cv_func_pow=yes
ac_cv_func_putenv=yes
ac_cv_func_realloc_0_nonnull=yes
ac_cv_func_sqrt=yes
ac_cv_func_strchr=yes
ac_cv_func_strdup=yes
ac_cv_func_strerror=yes
ac_cv_func_strrchr=yes
ac_cv_func_strspn=yes
ac_cv_func_strstr=yes
ac_cv_func_strtod=yes
ac_cv_func_strtol=yes
ac_cv_func_strtoul=yes
ac_cv_func_uname=yes
ac_cv_header_fcntl_h=yes
ac_cv_header_float_h=yes
ac_cv_header_inttypes_h=yes
ac_cv_header_limits_h=yes
ac_cv_header_malloc_h=yes
ac_cv_header_netcdf_h=yes
ac_cv_header_stddef_h=yes
ac_cv_header_stdint_h=yes
ac_cv_header_stdio_h=yes
ac_cv_header_stdlib_h=yes
ac_cv_header_string_h=yes
ac_cv_header_strings_h=yes
ac_cv_header_sys_stat_h=yes
ac_cv_header_sys_statvfs_h=yes
ac_cv_header_sys_time_h=yes
ac_cv_header_sys_types_h=yes
ac_cv_header_unistd_h=yes
ac_cv_header_zlib_h=yes
ac_cv_host=x86_64-pc-linux-gnu
ac_cv_lib_m_pow=yes
ac_cv_lib_z_uncompress=yes
ac_cv_objext=o
ac_cv_path_install='/usr/bin/install -c'
ac_cv_path_mkdir=/usr/bin/mkdir
ac_cv_prog_AWK=gawk
ac_cv_prog_ac_ct_CC=/glade/u/apps/common/23.08/spack/opt/spack/intel-oneapi-compilers/2023.2.1/compiler/2023.2.1/linux/bin/icx
ac_cv_prog_ax_have_nccmp=yes
ac_cv_prog_cc_c11=
ac_cv_prog_cc_g=no
ac_cv_prog_cc_stdc=
ac_cv_prog_fc_g=yes
ac_cv_prog_make_make_set=yes
ac_cv_search_nc_open=-lnetcdf
ac_cv_search_nf_open=-lnetcdff
ac_cv_type_mode_t=yes
ac_cv_type_pid_t=yes
ac_cv_type_ptrdiff_t=yes
ac_cv_type_size_t=yes
am_cv_CC_dependencies_compiler_type=none
am_cv_make_support_nested_variables=yes
am_cv_prog_cc_c_o=yes
am_cv_prog_tar_ustar=gnutar

## ----------------- ##
## Output variables. ##
## ----------------- ##

ACLOCAL='${SHELL} '\''/glade/u/home/tycha/work/model/CR-SIM-MP38/crsim-4.0/build-aux/missing'\'' aclocal-1.16'
AMDEPBACKSLASH='\'
AMDEP_FALSE='#'
AMDEP_TRUE=''
AMTAR='$${TAR-tar}'
AM_BACKSLASH='\'
AM_DEFAULT_V='$(AM_DEFAULT_VERBOSITY)'
AM_DEFAULT_VERBOSITY='1'
AM_V='$(V)'
AUTOCONF='${SHELL} '\''/glade/u/home/tycha/work/model/CR-SIM-MP38/crsim-4.0/build-aux/missing'\'' autoconf'
AUTOHEADER='${SHELL} '\''/glade/u/home/tycha/work/model/CR-SIM-MP38/crsim-4.0/build-aux/missing'\'' autoheader'
AUTOMAKE='${SHELL} '\''/glade/u/home/tycha/work/model/CR-SIM-MP38/crsim-4.0/build-aux/missing'\'' automake-1.16'
AWK='gawk'
CC='/glade/u/apps/common/23.08/spack/opt/spack/intel-oneapi-compilers/2023.2.1/compiler/2023.2.1/linux/bin/icx'
CCDEPMODE='depmode=none'
CFLAGS=''
CPPFLAGS=''
CSCOPE='cscope'
CTAGS='ctags'
CYGPATH_W='echo'
DEFS='-DHAVE_CONFIG_H'
DEPDIR='.deps'
ECHO_C=''
ECHO_N='-n'
ECHO_T=''
ETAGS='etags'
EXEEXT=''
EXTRA_FCFLAGS=''
FC='/glade/u/apps/common/23.08/spack/opt/spack/intel-oneapi-compilers/2023.2.1/compiler/2023.2.1/linux/bin/intel64/ifort'
FCFLAGS='-fpp'
INSTALL_DATA='${INSTALL} -m 644'
INSTALL_PROGRAM='${INSTALL}'
INSTALL_SCRIPT='${INSTALL}'
INSTALL_STRIP_PROGRAM='$(install_sh) -c -s'
LDFLAGS=''
LIBOBJS=''
LIBS='-lnetcdff -lnetcdf -lz -lm '
LTLIBOBJS=''
MAKEINFO='${SHELL} '\''/glade/u/home/tycha/work/model/CR-SIM-MP38/crsim-4.0/build-aux/missing'\'' makeinfo'
MKDIR_P='/usr/bin/mkdir -p'
NCCMP='nccmp'
NETCDF_CPPFLAGS='-I/glade/u/apps/derecho/23.09/spack/opt/spack/netcdf/4.9.2/oneapi/2023.2.1/yzvj/include'
NETCDF_FORTRAN_FCFLAGS='-I/glade/u/apps/derecho/23.09/spack/opt/spack/netcdf/4.9.2/oneapi/2023.2.1/yzvj/include'
NETCDF_FORTRAN_LDFLAGS='-L/glade/u/apps/derecho/23.09/spack/opt/spack/netcdf/4.9.2/oneapi/2023.2.1/yzvj/lib -Wl,-rpath,/glade/u/apps/derecho/23.09/spack/opt/spack/netcdf/4.9.2/oneapi/2023.2.1/yzvj/lib'
NETCDF_LDFLAGS='-L/glade/u/apps/derecho/23.09/spack/opt/spack/netcdf/4.9.2/oneapi/2023.2.1/yzvj/lib -Wl,-rpath,/glade/u/apps/derecho/23.09/spack/opt/spack/netcdf/4.9.2/oneapi/2023.2.1/yzvj/lib'
OBJEXT='o'
OPENMP_CFLAGS=''
PACKAGE='crsim'
PACKAGE_BUGREPORT='mariko.oue@stonybrook.edu'
PACKAGE_NAME='crsim'
PACKAGE_STRING='crsim 4.0'
PACKAGE_TARNAME='crsim'
PACKAGE_URL=''
PACKAGE_VERSION='4.0'
PATH_SEPARATOR=':'
POW_LIB=''
SET_MAKE=''
SHELL='/bin/sh'
STRIP=''
VERSION='4.0'
ac_ct_CC='/glade/u/apps/common/23.08/spack/opt/spack/intel-oneapi-compilers/2023.2.1/compiler/2023.2.1/linux/bin/icx'
ac_ct_FC=''
am__EXEEXT_FALSE=''
am__EXEEXT_TRUE='#'
am__fastdepCC_FALSE=''
am__fastdepCC_TRUE='#'
am__include='include'
am__isrc=''
am__leading_dot='.'
am__nodep='_no'
am__quote=''
am__tar='tar --format=ustar -chf - "$$tardir"'
am__untar='tar -xf -'
ax_have_nccmp='yes'
bindir='${exec_prefix}/bin'
build='x86_64-pc-linux-gnu'
build_alias=''
build_cpu='x86_64'
build_os='linux-gnu'
build_vendor='pc'
datadir='${datarootdir}'
datarootdir='${prefix}/share'
docdir='${datarootdir}/doc/${PACKAGE_TARNAME}'
dvidir='${docdir}'
exec_prefix='${prefix}'
host='x86_64-pc-linux-gnu'
host_alias=''
host_cpu='x86_64'
host_os='linux-gnu'
host_vendor='pc'
htmldir='${docdir}'
includedir='${prefix}/include'
infodir='${datarootdir}/info'
install_sh='${SHELL} /glade/u/home/tycha/work/model/CR-SIM-MP38/crsim-4.0/build-aux/install-sh'
libdir='${exec_prefix}/lib'
libexecdir='${exec_prefix}/libexec'
localedir='${datarootdir}/locale'
localstatedir='${prefix}/var'
mandir='${datarootdir}/man'
mkdir_p='$(MKDIR_P)'
oldincludedir='/usr/include'
pdfdir='${docdir}'
prefix='/glade/work/tycha/model/CR-SIM/crsim-4.0'
program_transform_name='s,x,x,'
psdir='${docdir}'
runstatedir='${localstatedir}/run'
sbindir='${exec_prefix}/sbin'
sharedstatedir='${prefix}/com'
sysconfdir='${prefix}/etc'
target_alias=''

## ----------- ##
## confdefs.h. ##
## ----------- ##

/* confdefs.h */
#define PACKAGE_NAME "crsim"
#define PACKAGE_TARNAME "crsim"
#define PACKAGE_VERSION "4.0"
#define PACKAGE_STRING "crsim 4.0"
#define PACKAGE_BUGREPORT "mariko.oue@stonybrook.edu"
#define PACKAGE_URL ""
#define PACKAGE "crsim"
#define VERSION "4.0"
#define HAVE_LIBM 1
#define HAVE_LIBZ 1
#define HAVE_STDIO_H 1
#define HAVE_STDLIB_H 1
#define HAVE_STRING_H 1
#define HAVE_INTTYPES_H 1
#define HAVE_STDINT_H 1
#define HAVE_STRINGS_H 1
#define HAVE_SYS_STAT_H 1
#define HAVE_SYS_TYPES_H 1
#define HAVE_UNISTD_H 1
#define STDC_HEADERS 1
#define HAVE_FCNTL_H 1
#define HAVE_FLOAT_H 1
#define HAVE_INTTYPES_H 1
#define HAVE_LIMITS_H 1
#define HAVE_MALLOC_H 1
#define HAVE_STDDEF_H 1
#define HAVE_STDLIB_H 1
#define HAVE_STRING_H 1
#define HAVE_SYS_STATVFS_H 1
#define HAVE_SYS_TIME_H 1
#define HAVE_UNISTD_H 1
#define HAVE_ZLIB_H 1
#define HAVE_PTRDIFF_T 1
#define HAVE_REALLOC 1
#define HAVE_FDATASYNC 1
#define HAVE_GETHOSTNAME 1
#define HAVE_MEMSET 1
#define HAVE_MKDIR 1
#define HAVE_POW 1
#define HAVE_PUTENV 1
#define HAVE_SQRT 1
#define HAVE_STRCHR 1
#define HAVE_STRDUP 1
#define HAVE_STRERROR 1
#define HAVE_STRRCHR 1
#define HAVE_STRSPN 1
#define HAVE_STRSTR 1
#define HAVE_STRTOL 1
#define HAVE_STRTOUL 1
#define HAVE_UNAME 1
#define HAVE_NETCDF_H 1

configure: exit 0
